
{
    "basic_information": {
        "engagement_types": {
            "options": [
                {
                    "label": "Type One",
                    "value": "TypeOne"
                },
                {
                    "label": "TypeTwo",
                    "value": "TypeTwo"
                },
                {
                    "label": "TypeThree",
                    "value": "TypeThree",
                    "default": true
                }
            ]
        },
        "engagement_regions": {
            "options": [
                {
                    "label": "Tuscony",
                    "value": "tuscana"
                }
            ]
        }
    },
    "more_information": {
        "some_value": "hello",
        "another_value": "base"
    },
    "other_options": {
        "types": {
            "options": [
                {
                    "label": "OptionOne",
                    "value": "optionOne"
                },
                {
                    "label": "OptionTwo",
                    "value": "optionTwo"
                }
            ]
        }
    },
    "rbac": {
        "felt": [
            "felt-writer",
            "writer"
        ],
        "velvet": [
            "writer"
        ],
        "velour": [
            "velour-writer",
            "writer"
        ]
    },
    "artifact_options": {
        "types": {
            "options": [
                {
                    "value": "flyer",
                    "label": "Flyer"
                }
            ]
        }
    },
    "user_options": {
        "user_roles": {
            "options": [
                {
                    "value": "jurist",
                    "label": "Jurist"
                },
                {
                    "value": "judge",
                    "label": "Judge"
                }
            ]
        }
    }
}