
{
    "more_information": {
        "another_value": "type two",
        "some_value": "hello"
    },
    "rbac": {
        "felt": [
            "felt-writer",
            "writer"
        ],
        "velvet": [
            "writer"
        ],
        "velour": [
            "velour-writer",
            "writer"
        ]
    },
    "artifact_options": {
        "types": {
            "options": [
                {
                    "value": "flyer",
                    "label": "Flyer"
                }
            ]
        }
    },
    "basic_information": {
        "engagement_types": {
            "options": [
                {
                    "label": "Type One",
                    "value": "TypeOne"
                },
                {
                    "label": "TypeTwo",
                    "value": "TypeTwo"
                },
                {
                    "label": "TypeThree",
                    "value": "TypeThree",
                    "default": true
                }
            ]
        },
        "engagement_regions": {
            "options": [
                {
                    "label": "Tuscony",
                    "value": "tuscana"
                }
            ]
        }
    },
    "user_options": {
        "user_roles": {
            "options": [
                {
                    "value": "defendant",
                    "label": "Defendant"
                },
                {
                    "value": "plaintiff",
                    "label": "Plaintiff"
                }
            ]
        }
    },
    "other_options": {
        "types": {
            "options": [
                {
                    "label": "OptionTwo",
                    "value": "option2"
                }
            ]
        }
    }
}